// Vitest Snapshot v1, https://vitest.dev/guide/snapshot.html

exports[`@regression ord-test-008 — Auth bypass contract > snapshot the list of admin actions audited (drift detection) 1`] = `
[
  "modules/collections/actions/create-collection.ts",
  "modules/collections/actions/delete-collection.ts",
  "modules/collections/actions/refresh-collections.ts",
  "modules/collections/actions/update-collection-status.ts",
  "modules/collections/actions/update-collection.ts",
  "modules/colors/actions/create-color.ts",
  "modules/colors/actions/delete-color.ts",
  "modules/colors/actions/duplicate-color.ts",
  "modules/colors/actions/refresh-colors.ts",
  "modules/colors/actions/update-color.ts",
  "modules/materials/actions/create-material.ts",
  "modules/materials/actions/delete-material.ts",
  "modules/materials/actions/duplicate-material.ts",
  "modules/materials/actions/refresh-materials.ts",
  "modules/materials/actions/update-material.ts",
  "modules/media/actions/delete-uploadthing-file.ts",
  "modules/orders/actions/cancel-order.ts",
  "modules/orders/actions/mark-order-as-shipped.ts",
  "modules/orders/actions/reconcile-pending-orders.ts",
  "modules/product-types/actions/create-product-type.ts",
  "modules/product-types/actions/delete-product-type.ts",
  "modules/product-types/actions/duplicate-product-type.ts",
  "modules/product-types/actions/refresh-product-types.ts",
  "modules/product-types/actions/update-product-type.ts",
  "modules/products/actions/create-product.ts",
  "modules/products/actions/delete-product.ts",
  "modules/products/actions/duplicate-product.ts",
  "modules/products/actions/refresh-products.ts",
  "modules/products/actions/toggle-product-status.ts",
  "modules/products/actions/update-product-collections.ts",
  "modules/products/actions/update-product.ts",
  "modules/retractations/actions/mark-return-received.ts",
  "modules/retractations/actions/refund-retractation.ts",
  "modules/retractations/actions/reject-retractation.ts",
  "modules/variants/actions/adjust-variant-stock.ts",
  "modules/variants/actions/create-variant.ts",
  "modules/variants/actions/delete-variant.ts",
  "modules/variants/actions/duplicate-variant.ts",
  "modules/variants/actions/refresh-variants.ts",
  "modules/variants/actions/update-variant-price.ts",
  "modules/variants/actions/update-variant-status.ts",
  "modules/variants/actions/update-variant.ts",
]
`;
