// Vitest Snapshot v1, https://vitest.dev/guide/snapshot.html

exports[`@regression ord-test-008 — Auth bypass contract > snapshot the list of admin actions audited (drift detection) 1`] = `
[
  "modules/collections/actions/create-collection.ts",
  "modules/collections/actions/delete-collection.ts",
  "modules/collections/actions/refresh-collections.ts",
  "modules/collections/actions/set-featured-product.ts",
  "modules/collections/actions/update-collection-status.ts",
  "modules/collections/actions/update-collection.ts",
  "modules/colors/actions/create-color.ts",
  "modules/colors/actions/delete-color.ts",
  "modules/colors/actions/duplicate-color.ts",
  "modules/colors/actions/refresh-colors.ts",
  "modules/colors/actions/toggle-color-status.ts",
  "modules/colors/actions/update-color.ts",
  "modules/dashboard/actions/refresh-dashboard.ts",
  "modules/invoices/actions/retry-invoice-generation.ts",
  "modules/materials/actions/create-material.ts",
  "modules/materials/actions/delete-material.ts",
  "modules/materials/actions/duplicate-material.ts",
  "modules/materials/actions/refresh-materials.ts",
  "modules/materials/actions/toggle-material-status.ts",
  "modules/materials/actions/update-material.ts",
  "modules/media/actions/delete-uploadthing-file.ts",
  "modules/orders/actions/cancel-order.ts",
  "modules/orders/actions/delete-order.ts",
  "modules/orders/actions/export-single-order.ts",
  "modules/orders/actions/mark-as-delivered.ts",
  "modules/orders/actions/mark-as-fully-refunded.ts",
  "modules/orders/actions/mark-as-paid.ts",
  "modules/orders/actions/mark-as-processing.ts",
  "modules/orders/actions/mark-as-returned.ts",
  "modules/orders/actions/mark-as-shipped.ts",
  "modules/orders/actions/refresh-orders.ts",
  "modules/orders/actions/resend-order-email.ts",
  "modules/orders/actions/revert-to-processing.ts",
  "modules/orders/actions/undo-return.ts",
  "modules/orders/actions/update-order-customer-info.ts",
  "modules/orders/actions/update-order-shipping-address.ts",
  "modules/orders/actions/update-tracking.ts",
  "modules/product-types/actions/create-product-type.ts",
  "modules/product-types/actions/delete-product-type.ts",
  "modules/product-types/actions/duplicate-product-type.ts",
  "modules/product-types/actions/refresh-product-types.ts",
  "modules/product-types/actions/toggle-product-type-status.ts",
  "modules/product-types/actions/update-product-type.ts",
  "modules/products/actions/create-product.ts",
  "modules/products/actions/delete-product.ts",
  "modules/products/actions/duplicate-product.ts",
  "modules/products/actions/refresh-products.ts",
  "modules/products/actions/toggle-product-status.ts",
  "modules/products/actions/update-product-collections.ts",
  "modules/products/actions/update-product.ts",
  "modules/refunds/actions/refresh-refunds.ts",
  "modules/skus/actions/adjust-sku-stock.ts",
  "modules/skus/actions/create-sku.ts",
  "modules/skus/actions/delete-sku.ts",
  "modules/skus/actions/duplicate-sku.ts",
  "modules/skus/actions/refresh-skus.ts",
  "modules/skus/actions/reorder-sku-media.ts",
  "modules/skus/actions/set-default-sku.ts",
  "modules/skus/actions/set-primary-sku-media.ts",
  "modules/skus/actions/update-sku-media-alt-text.ts",
  "modules/skus/actions/update-sku-price.ts",
  "modules/skus/actions/update-sku-status.ts",
  "modules/skus/actions/update-sku.ts",
  "modules/store-settings/actions/close-store.ts",
  "modules/store-settings/actions/reopen-store.ts",
  "modules/store-settings/actions/update-closure-message.ts",
  "modules/store-settings/actions/update-reopens-at.ts",
]
`;
