// Vitest Snapshot v1, https://vitest.dev/guide/snapshot.html

exports[`@regression ord-test-029 — OrderAction enum coverage > call-site map snapshot for review on drift 1`] = `
{
  "ADDRESS_UPDATED": [
    "modules/orders/actions/update-order-customer-info.ts",
    "modules/orders/actions/update-order-shipping-address.ts",
    "modules/orders/services/update-pending-order-shipping-snapshot.service.ts",
  ],
  "BULK_EXPORT": [
    "app/api/admin/orders/export/route.ts",
    "modules/orders/actions/export-single-order.ts",
  ],
  "CANCELLED": [
    "modules/cron/services/cleanup-pending-orders.service.ts",
    "modules/orders/actions/cancel-order.ts",
    "modules/orders/actions/delete-order.ts",
    "modules/webhooks/services/payment-intent.service.ts",
  ],
  "CREATED": [
    "modules/orders/actions/resend-order-email.ts",
  ],
  "CREDIT_NOTE_GENERATED": [
    "modules/refunds/services/issue-credit-note.service.ts",
  ],
  "DELIVERED": [
    "modules/orders/actions/update-order-status.ts",
  ],
  "DISPUTE_OPENED": [
    "modules/orders/services/has-open-dispute.service.ts",
    "modules/webhooks/handlers/dispute-handlers.ts",
  ],
  "DISPUTE_RESOLVED": [
    "modules/orders/services/has-open-dispute.service.ts",
    "modules/webhooks/handlers/dispute-handlers.ts",
  ],
  "INVOICE_DOWNLOADED": [
    "app/api/orders/[orderNumber]/credit-note/[refundId]/route.ts",
    "app/api/orders/[orderNumber]/credit-note/route.ts",
    "app/api/orders/[orderNumber]/invoice/route.ts",
  ],
  "INVOICE_GENERATED": [
    "modules/orders/services/persist-invoice-number.service.ts",
  ],
  "INVOICE_VOIDED": [
    "modules/orders/services/render-order-credit-note.service.ts",
    "modules/orders/services/void-invoice.service.ts",
  ],
  "PAID": [
    "modules/orders/actions/mark-as-paid.ts",
    "modules/webhooks/services/checkout-order-processing.service.ts",
  ],
  "PROCESSING": [
    "modules/orders/actions/update-order-status.ts",
  ],
  "REFUND_COMPLETED": [
    "modules/orders/actions/mark-as-fully-refunded.ts",
    "modules/refunds/services/finalize-refund.service.ts",
    "modules/webhooks/services/refund.service.ts",
  ],
  "REFUND_CREATED": [
    "modules/orders/actions/mark-as-fully-refunded.ts",
    "modules/webhooks/services/payment-intent.service.ts",
    "modules/webhooks/services/refund.service.ts",
  ],
  "REFUND_FAILED": [
    "modules/cron/services/reconcile-refunds.service.ts",
    "modules/webhooks/services/refund.service.ts",
  ],
  "RETURNED": [
    "modules/orders/actions/update-order-status.ts",
  ],
  "SHIPPED": [
    "modules/orders/actions/mark-as-shipped.ts",
    "modules/orders/actions/resend-order-email.ts",
  ],
  "STATUS_REVERTED": [
    "modules/orders/actions/update-order-status.ts",
  ],
  "TRACKING_UPDATED": [
    "modules/orders/actions/update-tracking.ts",
  ],
}
`;
